error: this `else { if .. }` block can be collapsed
  --> tests/ui/collapsible_else_if.rs:18:12
   |
LL |       } else {
   |  ____________^
LL | |         if y == "world" {
LL | |             println!("world!")
LL | |         }
LL | |     }
   | |_____^
   |
   = note: `-D clippy::collapsible-else-if` implied by `-D warnings`
   = help: to override `-D warnings` add `#[allow(clippy::collapsible_else_if)]`
help: collapse nested if block
   |
LL ~     } else if y == "world" {
LL +         println!("world!")
LL +     }
   |

error: this `else { if .. }` block can be collapsed
  --> tests/ui/collapsible_else_if.rs:26:12
   |
LL |       } else {
   |  ____________^
LL | |         if let Some(42) = Some(42) {
LL | |             println!("world!")
LL | |         }
LL | |     }
   | |_____^
   |
help: collapse nested if block
   |
LL ~     } else if let Some(42) = Some(42) {
LL +         println!("world!")
LL +     }
   |

error: this `else { if .. }` block can be collapsed
  --> tests/ui/collapsible_else_if.rs:34:12
   |
LL |       } else {
   |  ____________^
LL | |         if y == "world" {
LL | |             println!("world")
LL | |         }
...  |
LL | |         }
LL | |     }
   | |_____^
   |
help: collapse nested if block
   |
LL ~     } else if y == "world" {
LL +         println!("world")
LL +     }
LL +     else {
LL +         println!("!")
LL +     }
   |

error: this `else { if .. }` block can be collapsed
  --> tests/ui/collapsible_else_if.rs:45:12
   |
LL |       } else {
   |  ____________^
LL | |         if let Some(42) = Some(42) {
LL | |             println!("world")
LL | |         }
...  |
LL | |         }
LL | |     }
   | |_____^
   |
help: collapse nested if block
   |
LL ~     } else if let Some(42) = Some(42) {
LL +         println!("world")
LL +     }
LL +     else {
LL +         println!("!")
LL +     }
   |

error: this `else { if .. }` block can be collapsed
  --> tests/ui/collapsible_else_if.rs:56:12
   |
LL |       } else {
   |  ____________^
LL | |         if let Some(42) = Some(42) {
LL | |             println!("world")
LL | |         }
...  |
LL | |         }
LL | |     }
   | |_____^
   |
help: collapse nested if block
   |
LL ~     } else if let Some(42) = Some(42) {
LL +         println!("world")
LL +     }
LL +     else {
LL +         println!("!")
LL +     }
   |

error: this `else { if .. }` block can be collapsed
  --> tests/ui/collapsible_else_if.rs:67:12
   |
LL |       } else {
   |  ____________^
LL | |         if x == "hello" {
LL | |             println!("world")
LL | |         }
...  |
LL | |         }
LL | |     }
   | |_____^
   |
help: collapse nested if block
   |
LL ~     } else if x == "hello" {
LL +         println!("world")
LL +     }
LL +     else {
LL +         println!("!")
LL +     }
   |

error: this `else { if .. }` block can be collapsed
  --> tests/ui/collapsible_else_if.rs:78:12
   |
LL |       } else {
   |  ____________^
LL | |         if let Some(42) = Some(42) {
LL | |             println!("world")
LL | |         }
...  |
LL | |         }
LL | |     }
   | |_____^
   |
help: collapse nested if block
   |
LL ~     } else if let Some(42) = Some(42) {
LL +         println!("world")
LL +     }
LL +     else {
LL +         println!("!")
LL +     }
   |

error: this `else { if .. }` block can be collapsed
  --> tests/ui/collapsible_else_if.rs:101:10
   |
LL |       }else{
   |  __________^
LL | |         if false {}
LL | |     }
   | |_____^ help: collapse nested if block: `if false {}`

error: aborting due to 8 previous errors

