error: comparison to empty slice
  --> tests/ui/comparison_to_empty.rs:13:13
   |
LL |     let _ = s == "";
   |             ^^^^^^^ help: using `is_empty` is clearer and more explicit: `s.is_empty()`
   |
   = note: `-D clippy::comparison-to-empty` implied by `-D warnings`
   = help: to override `-D warnings` add `#[allow(clippy::comparison_to_empty)]`

error: comparison to empty slice
  --> tests/ui/comparison_to_empty.rs:14:13
   |
LL |     let _ = s != "";
   |             ^^^^^^^ help: using `!is_empty` is clearer and more explicit: `!s.is_empty()`

error: comparison to empty slice
  --> tests/ui/comparison_to_empty.rs:17:13
   |
LL |     let _ = v == [];
   |             ^^^^^^^ help: using `is_empty` is clearer and more explicit: `v.is_empty()`

error: comparison to empty slice
  --> tests/ui/comparison_to_empty.rs:18:13
   |
LL |     let _ = v != [];
   |             ^^^^^^^ help: using `!is_empty` is clearer and more explicit: `!v.is_empty()`

error: comparison to empty slice using `if let`
  --> tests/ui/comparison_to_empty.rs:19:8
   |
LL |     if let [] = &*v {}
   |        ^^^^^^^^^^^^ help: using `is_empty` is clearer and more explicit: `(*v).is_empty()`

error: comparison to empty slice using `if let`
  --> tests/ui/comparison_to_empty.rs:21:8
   |
LL |     if let [] = s {}
   |        ^^^^^^^^^^ help: using `is_empty` is clearer and more explicit: `s.is_empty()`

error: comparison to empty slice using `if let`
  --> tests/ui/comparison_to_empty.rs:22:8
   |
LL |     if let [] = &*s {}
   |        ^^^^^^^^^^^^ help: using `is_empty` is clearer and more explicit: `s.is_empty()`

error: comparison to empty slice using `if let`
  --> tests/ui/comparison_to_empty.rs:23:8
   |
LL |     if let [] = &*s
   |        ^^^^^^^^^^^^ help: using `is_empty` is clearer and more explicit: `s.is_empty()`

error: comparison to empty slice
  --> tests/ui/comparison_to_empty.rs:24:12
   |
LL |         && s == []
   |            ^^^^^^^ help: using `is_empty` is clearer and more explicit: `s.is_empty()`

error: aborting due to 9 previous errors

