error: redundant pattern matching, consider using `is_ipv4()`
  --> tests/ui/redundant_pattern_matching_ipaddr.rs:16:12
   |
LL |     if let V4(_) = &ipaddr {}
   |     -------^^^^^---------- help: try: `if ipaddr.is_ipv4()`
   |
   = note: `-D clippy::redundant-pattern-matching` implied by `-D warnings`
   = help: to override `-D warnings` add `#[allow(clippy::redundant_pattern_matching)]`

error: redundant pattern matching, consider using `is_ipv4()`
  --> tests/ui/redundant_pattern_matching_ipaddr.rs:18:12
   |
LL |     if let V4(_) = V4(Ipv4Addr::LOCALHOST) {}
   |     -------^^^^^-------------------------- help: try: `if V4(Ipv4Addr::LOCALHOST).is_ipv4()`

error: redundant pattern matching, consider using `is_ipv6()`
  --> tests/ui/redundant_pattern_matching_ipaddr.rs:20:12
   |
LL |     if let V6(_) = V6(Ipv6Addr::LOCALHOST) {}
   |     -------^^^^^-------------------------- help: try: `if V6(Ipv6Addr::LOCALHOST).is_ipv6()`

error: redundant pattern matching, consider using `is_ipv4()`
  --> tests/ui/redundant_pattern_matching_ipaddr.rs:23:8
   |
LL |     if matches!(V4(Ipv4Addr::LOCALHOST), V4(_)) {}
   |        ^^^^^^^^^^^^^^^^^^^^^^^^^^^^^^^^^^^^^^^^ help: try: `V4(Ipv4Addr::LOCALHOST).is_ipv4()`

error: redundant pattern matching, consider using `is_ipv6()`
  --> tests/ui/redundant_pattern_matching_ipaddr.rs:26:8
   |
LL |     if matches!(V6(Ipv6Addr::LOCALHOST), V6(_)) {}
   |        ^^^^^^^^^^^^^^^^^^^^^^^^^^^^^^^^^^^^^^^^ help: try: `V6(Ipv6Addr::LOCALHOST).is_ipv6()`

error: redundant pattern matching, consider using `is_ipv4()`
  --> tests/ui/redundant_pattern_matching_ipaddr.rs:28:15
   |
LL |     while let V4(_) = V4(Ipv4Addr::LOCALHOST) {}
   |     ----------^^^^^-------------------------- help: try: `while V4(Ipv4Addr::LOCALHOST).is_ipv4()`

error: redundant pattern matching, consider using `is_ipv6()`
  --> tests/ui/redundant_pattern_matching_ipaddr.rs:30:15
   |
LL |     while let V6(_) = V6(Ipv6Addr::LOCALHOST) {}
   |     ----------^^^^^-------------------------- help: try: `while V6(Ipv6Addr::LOCALHOST).is_ipv6()`

error: redundant pattern matching, consider using `is_ipv4()`
  --> tests/ui/redundant_pattern_matching_ipaddr.rs:40:5
   |
LL | /     match V4(Ipv4Addr::LOCALHOST) {
LL | |         V4(_) => true,
LL | |         V6(_) => false,
LL | |     };
   | |_____^ help: try: `V4(Ipv4Addr::LOCALHOST).is_ipv4()`

error: redundant pattern matching, consider using `is_ipv6()`
  --> tests/ui/redundant_pattern_matching_ipaddr.rs:45:5
   |
LL | /     match V4(Ipv4Addr::LOCALHOST) {
LL | |         V4(_) => false,
LL | |         V6(_) => true,
LL | |     };
   | |_____^ help: try: `V4(Ipv4Addr::LOCALHOST).is_ipv6()`

error: redundant pattern matching, consider using `is_ipv6()`
  --> tests/ui/redundant_pattern_matching_ipaddr.rs:50:5
   |
LL | /     match V6(Ipv6Addr::LOCALHOST) {
LL | |         V4(_) => false,
LL | |         V6(_) => true,
LL | |     };
   | |_____^ help: try: `V6(Ipv6Addr::LOCALHOST).is_ipv6()`

error: redundant pattern matching, consider using `is_ipv4()`
  --> tests/ui/redundant_pattern_matching_ipaddr.rs:55:5
   |
LL | /     match V6(Ipv6Addr::LOCALHOST) {
LL | |         V4(_) => true,
LL | |         V6(_) => false,
LL | |     };
   | |_____^ help: try: `V6(Ipv6Addr::LOCALHOST).is_ipv4()`

error: redundant pattern matching, consider using `is_ipv4()`
  --> tests/ui/redundant_pattern_matching_ipaddr.rs:60:20
   |
LL |     let _ = if let V4(_) = V4(Ipv4Addr::LOCALHOST) {
   |             -------^^^^^-------------------------- help: try: `if V4(Ipv4Addr::LOCALHOST).is_ipv4()`

error: redundant pattern matching, consider using `is_ipv4()`
  --> tests/ui/redundant_pattern_matching_ipaddr.rs:68:20
   |
LL |     let _ = if let V4(_) = gen_ipaddr() {
   |             -------^^^^^--------------- help: try: `if gen_ipaddr().is_ipv4()`

error: redundant pattern matching, consider using `is_ipv6()`
  --> tests/ui/redundant_pattern_matching_ipaddr.rs:70:19
   |
LL |     } else if let V6(_) = gen_ipaddr() {
   |            -------^^^^^--------------- help: try: `if gen_ipaddr().is_ipv6()`

error: redundant pattern matching, consider using `is_ipv4()`
  --> tests/ui/redundant_pattern_matching_ipaddr.rs:82:12
   |
LL |     if let V4(_) = V4(Ipv4Addr::LOCALHOST) {}
   |     -------^^^^^-------------------------- help: try: `if V4(Ipv4Addr::LOCALHOST).is_ipv4()`

error: redundant pattern matching, consider using `is_ipv6()`
  --> tests/ui/redundant_pattern_matching_ipaddr.rs:84:12
   |
LL |     if let V6(_) = V6(Ipv6Addr::LOCALHOST) {}
   |     -------^^^^^-------------------------- help: try: `if V6(Ipv6Addr::LOCALHOST).is_ipv6()`

error: redundant pattern matching, consider using `is_ipv4()`
  --> tests/ui/redundant_pattern_matching_ipaddr.rs:86:15
   |
LL |     while let V4(_) = V4(Ipv4Addr::LOCALHOST) {}
   |     ----------^^^^^-------------------------- help: try: `while V4(Ipv4Addr::LOCALHOST).is_ipv4()`

error: redundant pattern matching, consider using `is_ipv6()`
  --> tests/ui/redundant_pattern_matching_ipaddr.rs:88:15
   |
LL |     while let V6(_) = V6(Ipv6Addr::LOCALHOST) {}
   |     ----------^^^^^-------------------------- help: try: `while V6(Ipv6Addr::LOCALHOST).is_ipv6()`

error: redundant pattern matching, consider using `is_ipv4()`
  --> tests/ui/redundant_pattern_matching_ipaddr.rs:90:5
   |
LL | /     match V4(Ipv4Addr::LOCALHOST) {
LL | |         V4(_) => true,
LL | |         V6(_) => false,
LL | |     };
   | |_____^ help: try: `V4(Ipv4Addr::LOCALHOST).is_ipv4()`

error: redundant pattern matching, consider using `is_ipv6()`
  --> tests/ui/redundant_pattern_matching_ipaddr.rs:95:5
   |
LL | /     match V6(Ipv6Addr::LOCALHOST) {
LL | |         V4(_) => false,
LL | |         V6(_) => true,
LL | |     };
   | |_____^ help: try: `V6(Ipv6Addr::LOCALHOST).is_ipv6()`

error: aborting due to 20 previous errors

