error: redundant pattern matching, consider using `is_pending()`
  --> tests/ui/redundant_pattern_matching_poll.rs:16:12
   |
LL |     if let Pending = Pending::<()> {}
   |     -------^^^^^^^---------------- help: try: `if Pending::<()>.is_pending()`
   |
   = note: `-D clippy::redundant-pattern-matching` implied by `-D warnings`
   = help: to override `-D warnings` add `#[allow(clippy::redundant_pattern_matching)]`

error: redundant pattern matching, consider using `is_ready()`
  --> tests/ui/redundant_pattern_matching_poll.rs:18:12
   |
LL |     if let Ready(_) = Ready(42) {}
   |     -------^^^^^^^^------------ help: try: `if Ready(42).is_ready()`

error: redundant pattern matching, consider using `is_ready()`
  --> tests/ui/redundant_pattern_matching_poll.rs:20:12
   |
LL |     if let Ready(_) = Ready(42) {
   |     -------^^^^^^^^------------ help: try: `if Ready(42).is_ready()`

error: redundant pattern matching, consider using `is_ready()`
  --> tests/ui/redundant_pattern_matching_poll.rs:27:8
   |
LL |     if matches!(Ready(42), Ready(_)) {}
   |        ^^^^^^^^^^^^^^^^^^^^^^^^^^^^^ help: try: `Ready(42).is_ready()`

error: redundant pattern matching, consider using `is_pending()`
  --> tests/ui/redundant_pattern_matching_poll.rs:30:8
   |
LL |     if matches!(Pending::<()>, Pending) {}
   |        ^^^^^^^^^^^^^^^^^^^^^^^^^^^^^^^^ help: try: `Pending::<()>.is_pending()`

error: redundant pattern matching, consider using `is_ready()`
  --> tests/ui/redundant_pattern_matching_poll.rs:32:15
   |
LL |     while let Ready(_) = Ready(42) {}
   |     ----------^^^^^^^^------------ help: try: `while Ready(42).is_ready()`

error: redundant pattern matching, consider using `is_pending()`
  --> tests/ui/redundant_pattern_matching_poll.rs:34:15
   |
LL |     while let Pending = Ready(42) {}
   |     ----------^^^^^^^------------ help: try: `while Ready(42).is_pending()`

error: redundant pattern matching, consider using `is_pending()`
  --> tests/ui/redundant_pattern_matching_poll.rs:36:15
   |
LL |     while let Pending = Pending::<()> {}
   |     ----------^^^^^^^---------------- help: try: `while Pending::<()>.is_pending()`

error: redundant pattern matching, consider using `is_ready()`
  --> tests/ui/redundant_pattern_matching_poll.rs:42:5
   |
LL | /     match Ready(42) {
LL | |         Ready(_) => true,
LL | |         Pending => false,
LL | |     };
   | |_____^ help: try: `Ready(42).is_ready()`

error: redundant pattern matching, consider using `is_pending()`
  --> tests/ui/redundant_pattern_matching_poll.rs:47:5
   |
LL | /     match Pending::<()> {
LL | |         Ready(_) => false,
LL | |         Pending => true,
LL | |     };
   | |_____^ help: try: `Pending::<()>.is_pending()`

error: redundant pattern matching, consider using `is_pending()`
  --> tests/ui/redundant_pattern_matching_poll.rs:52:13
   |
LL |       let _ = match Pending::<()> {
   |  _____________^
LL | |         Ready(_) => false,
LL | |         Pending => true,
LL | |     };
   | |_____^ help: try: `Pending::<()>.is_pending()`

error: redundant pattern matching, consider using `is_ready()`
  --> tests/ui/redundant_pattern_matching_poll.rs:58:20
   |
LL |     let _ = if let Ready(_) = poll { true } else { false };
   |             -------^^^^^^^^------- help: try: `if poll.is_ready()`

error: redundant pattern matching, consider using `is_ready()`
  --> tests/ui/redundant_pattern_matching_poll.rs:62:20
   |
LL |     let _ = if let Ready(_) = gen_poll() {
   |             -------^^^^^^^^------------- help: try: `if gen_poll().is_ready()`

error: redundant pattern matching, consider using `is_pending()`
  --> tests/ui/redundant_pattern_matching_poll.rs:64:19
   |
LL |     } else if let Pending = gen_poll() {
   |            -------^^^^^^^------------- help: try: `if gen_poll().is_pending()`

error: redundant pattern matching, consider using `is_ready()`
  --> tests/ui/redundant_pattern_matching_poll.rs:80:12
   |
LL |     if let Ready(_) = Ready(42) {}
   |     -------^^^^^^^^------------ help: try: `if Ready(42).is_ready()`

error: redundant pattern matching, consider using `is_pending()`
  --> tests/ui/redundant_pattern_matching_poll.rs:82:12
   |
LL |     if let Pending = Pending::<()> {}
   |     -------^^^^^^^---------------- help: try: `if Pending::<()>.is_pending()`

error: redundant pattern matching, consider using `is_ready()`
  --> tests/ui/redundant_pattern_matching_poll.rs:84:15
   |
LL |     while let Ready(_) = Ready(42) {}
   |     ----------^^^^^^^^------------ help: try: `while Ready(42).is_ready()`

error: redundant pattern matching, consider using `is_pending()`
  --> tests/ui/redundant_pattern_matching_poll.rs:86:15
   |
LL |     while let Pending = Pending::<()> {}
   |     ----------^^^^^^^---------------- help: try: `while Pending::<()>.is_pending()`

error: redundant pattern matching, consider using `is_ready()`
  --> tests/ui/redundant_pattern_matching_poll.rs:88:5
   |
LL | /     match Ready(42) {
LL | |         Ready(_) => true,
LL | |         Pending => false,
LL | |     };
   | |_____^ help: try: `Ready(42).is_ready()`

error: redundant pattern matching, consider using `is_pending()`
  --> tests/ui/redundant_pattern_matching_poll.rs:93:5
   |
LL | /     match Pending::<()> {
LL | |         Ready(_) => false,
LL | |         Pending => true,
LL | |     };
   | |_____^ help: try: `Pending::<()>.is_pending()`

error: aborting due to 20 previous errors

