error: this `if` has the same function call as a previous `if`
  --> tests/ui/same_functions_in_if_condition.rs:40:15
   |
LL |     } else if function() {
   |               ^^^^^^^^^^
   |
note: same as this
  --> tests/ui/same_functions_in_if_condition.rs:39:8
   |
LL |     if function() {
   |        ^^^^^^^^^^
note: the lint level is defined here
  --> tests/ui/same_functions_in_if_condition.rs:2:9
   |
LL | #![deny(clippy::same_functions_in_if_condition)]
   |         ^^^^^^^^^^^^^^^^^^^^^^^^^^^^^^^^^^^^^^

error: this `if` has the same function call as a previous `if`
  --> tests/ui/same_functions_in_if_condition.rs:45:15
   |
LL |     } else if fn_arg(a) {
   |               ^^^^^^^^^
   |
note: same as this
  --> tests/ui/same_functions_in_if_condition.rs:44:8
   |
LL |     if fn_arg(a) {
   |        ^^^^^^^^^

error: this `if` has the same function call as a previous `if`
  --> tests/ui/same_functions_in_if_condition.rs:50:15
   |
LL |     } else if obj.method() {
   |               ^^^^^^^^^^^^
   |
note: same as this
  --> tests/ui/same_functions_in_if_condition.rs:49:8
   |
LL |     if obj.method() {
   |        ^^^^^^^^^^^^

error: this `if` has the same function call as a previous `if`
  --> tests/ui/same_functions_in_if_condition.rs:55:15
   |
LL |     } else if obj.method_arg(a) {
   |               ^^^^^^^^^^^^^^^^^
   |
note: same as this
  --> tests/ui/same_functions_in_if_condition.rs:54:8
   |
LL |     if obj.method_arg(a) {
   |        ^^^^^^^^^^^^^^^^^

error: this `if` has the same function call as a previous `if`
  --> tests/ui/same_functions_in_if_condition.rs:61:15
   |
LL |     } else if v.pop().is_none() {
   |               ^^^^^^^^^^^^^^^^^
   |
note: same as this
  --> tests/ui/same_functions_in_if_condition.rs:60:8
   |
LL |     if v.pop().is_none() {
   |        ^^^^^^^^^^^^^^^^^

error: this `if` has the same function call as a previous `if`
  --> tests/ui/same_functions_in_if_condition.rs:66:15
   |
LL |     } else if v.len() == 42 {
   |               ^^^^^^^^^^^^^
   |
note: same as this
  --> tests/ui/same_functions_in_if_condition.rs:65:8
   |
LL |     if v.len() == 42 {
   |        ^^^^^^^^^^^^^

error: aborting due to 6 previous errors

